../Core/Src/groveLCD.c:19:6:groveLCD_test	16	static
../Core/Src/groveLCD.c:27:6:i2c_send_byte	16	static
../Core/Src/groveLCD.c:32:6:i2c_send_byteS	16	static
../Core/Src/groveLCD.c:37:6:groveLCD_begin	16	static
../Core/Src/groveLCD.c:99:6:groveLCD_setColorAll	8	static
../Core/Src/groveLCD.c:100:6:groveLCD_setColorWhite	8	static
../Core/Src/groveLCD.c:104:6:groveLCD_clear	8	static
../Core/Src/groveLCD.c:110:6:groveLCD_home	8	static
../Core/Src/groveLCD.c:116:6:groveLCD_setCursor	24	static
../Core/Src/groveLCD.c:124:6:groveLCD_noDisplay	8	static
../Core/Src/groveLCD.c:130:6:groveLCD_display	8	static
../Core/Src/groveLCD.c:136:6:groveLCD_noCursor	8	static
../Core/Src/groveLCD.c:142:6:groveLCD_cursor	8	static
../Core/Src/groveLCD.c:148:6:groveLCD_noBlink	8	static
../Core/Src/groveLCD.c:154:6:groveLCD_blink	8	static
../Core/Src/groveLCD.c:161:6:groveLCD_scrollDisplayLeft	8	static
../Core/Src/groveLCD.c:166:6:groveLCD_scrollDisplayRight	8	static
../Core/Src/groveLCD.c:172:6:groveLCD_leftToRight	8	static
../Core/Src/groveLCD.c:179:6:groveLCD_rightToLeft	8	static
../Core/Src/groveLCD.c:186:6:groveLCD_autoscroll	8	static
../Core/Src/groveLCD.c:193:6:groveLCD_noAutoscroll	8	static
../Core/Src/groveLCD.c:201:6:groveLCD_createChar	32	static
../Core/Src/groveLCD.c:216:6:groveLCD_blinkLED	8	static
../Core/Src/groveLCD.c:224:6:groveLCD_noBlinkLED	8	static
../Core/Src/groveLCD.c:233:6:groveLCD_command	24	static
../Core/Src/groveLCD.c:240:5:groveLCD_write	24	static
../Core/Src/groveLCD.c:247:6:groveLCD_putString	16	static
../Core/Src/groveLCD.c:256:6:groveLCD_setReg	16	static
../Core/Src/groveLCD.c:261:6:groveLCD_setRGB	16	static
../Core/Src/groveLCD.c:276:6:groveLCD_setColor	24	static
../Core/Src/groveLCD.c:282:6:groveLCD_term_printf	160	static
